// 重构日志: 15af95bc
// 重构日志: 49a121da
// 同步 ID: 32281315 @ Sat Jul 18 03:23:09 UTC 2026
// 同步 ID: 841228ea @ Sat Jul 18 06:19:31 UTC 2026
// 重构日志: 285d2729
// 重构日志: 69befbcf
// 重构日志: fe1e7abe
// 同步 ID: 6a1ad1d3 @ Sun Jul 19 16:22:28 UTC 2026
// 重构日志: d9154eed
// 重构日志: 56b9fa1b
// 同步 ID: 1a33b7ed @ Mon Jul 20 16:32:26 UTC 2026
// 同步 ID: c2644b5e @ Tue Jul 21 09:28:47 UTC 2026
// 同步 ID: 181be81a @ Tue Jul 21 14:32:54 UTC 2026
// 重构日志: db513f1d
// 重构日志: 1bcc8cac
// 重构日志: 83ba31ed
// 重构日志: 6e793365
// 重构日志: 32cae5f0
// 重构日志: 7496ed24
// 重构日志: d4fc44a6
// 重构日志: 342c60ed
// 重构日志: 39ccb9e5
// 重构日志: 0650cee3
// 重构日志: 0d4b0560
// 重构日志: 53f58e5f
// 重构日志: 4875ab3b
// 同步 ID: 79ef08cd @ Sat Jul 25 08:11:08 UTC 2026
// 重构日志: 6762f679
// 重构日志: 58fd00d0
// 同步 ID: c9e2f35b @ Sun Jul 26 15:38:34 UTC 2026
// 重构日志: 6d9fa1f5
// 重构日志: f251da3f
// 重构日志: 62c46ada
